<?xml version="1.0" encoding="utf-8"?><testsuites name="pytest tests"><testsuite name="pytest" errors="0" failures="0" skipped="0" tests="1" time="3.079" timestamp="2026-05-08T18:02:53.863377+12:00" hostname="Holly"><testcase classname="tests.test_pipeline.TestGlide" name="test_generate_dataset_and_showcase" time="2.863" /></testsuite></testsuites>